[2026-09-18 06:33:33] UploadController Cloudinary Error: cURL Error during Cloudinary upload: OpenSSL SSL_read: Connection was reset, errno 10054
